
|d|avid| 4
|a|vid| 3
||vid| 3
|d|vi| 2
||vi| 2
|v|i| 1
|i|| 0
||| 0
||| 0

|da|vid| 3
||vid| 3
|vi|d| 1
|d|| 0
||| 0
||| 0

|d|davi| 4
||davi| 4
|vi|da| 2
|da|| 0
||| 0
||| 0

|dav|id| 2
|id|| 0
||| 0
||| 0

|vid|da| 2
|da|| 0
||| 0
||| 0

|da|vid| 3
||vid| 3
||vid| 3
|vid|| 0
||| 0
||| 0

|id|dav| 3
||dav| 3
||dav| 3
|dav|| 0
||| 0
||| 0
