p1
0

55

p6
0

55

p12
1
1
55
1
p17
1
1
55
1
p411
0
[]
55

p412
1
[1]
55
1
p413
2
[1 [2]]
55
1 [2]
p414
3
[1 [2] 3]
55
1 [2] 3
p415
4
[1 [2] 3 4]
55
1 [2] 3 4
p416
0
[]
55

p417
1
[1]
55
1
p418
2
[1 [2]]
55
1 [2]
p419
3
[1 [2] 3]
55
1 [2] 3
p420
4
[1 [2] 3 4]
55
1 [2] 3 4
p32
1
1
55
[10]
p431
0
[]
55

p432
1
[1]
55
10
p433
2
[1 [2]]
55
10 *
p434
3
[1 [2] 3]
55
10 * *
p435
4
[1 [2] 3 4]
55
10 * * *
p22
1
*
55
[10]
p421
0
*
55

p422
1
*
55
10
p423
2
*
55
10 *
p424
3
*
55
10 * *
p425
4
*
55
10 * * *
p43
2
1 [2]
55
1 [2]
p48
2
1 [2]
55
1 [2]
p442
1
1 []
55
1
p443
2
1 [[2]]
55
1 [2]
p444
3
1 [[2] 3]
55
1 [2] 3
p445
4
1 [[2] 3 4]
55
1 [2] 3 4
p447
1
1 []
55
1
p448
2
1 [[2]]
55
1 [2]
p449
3
1 [[2] 3]
55
1 [2] 3
p450
4
1 [[2] 3 4]
55
1 [2] 3 4
p63
2
1 [2]
55
1 [20]
p462
1
1 []
55
1
p463
2
1 [[2]]
55
1 20
p464
3
1 [[2] 3]
55
1 20 *
p465
4
1 [[2] 3 4]
55
1 20 * *
p53
2
1 *
55
1 [20]
p452
1
1 *
55
1
p453
2
1 *
55
1 20
p454
3
1 *
55
1 20 *
p455
4
1 *
55
1 20 * *
p103
2
1 [2]
55
[10] [2]
p502
1
1 []
55
[10]
p503
2
1 [[2]]
55
[10] [2]
p504
3
1 [[2] 3]
55
[10] [2] 3
p505
4
1 [[2] 3 4]
55
[10] [2] 3 4
p123
2
1 [2]
55
[10] [20]
p522
1
1 []
55
[10]
p523
2
1 [[2]]
55
[10] 20
p524
3
1 [[2] 3]
55
[10] 20 *
p525
4
1 [[2] 3 4]
55
[10] 20 * *
p113
2
1 *
55
[10] [20]
p512
1
1 *
55
[10]
p513
2
1 *
55
[10] 20
p514
3
1 *
55
[10] 20 *
p515
4
1 *
55
[10] 20 * *
p73
2
* [2]
55
[10] [2]
p472
1
* []
55
[10]
p473
2
* [[2]]
55
[10] [2]
p474
3
* [[2] 3]
55
[10] [2] 3
p475
4
* [[2] 3 4]
55
[10] [2] 3 4
p93
2
* [2]
55
[10] [20]
p492
1
* []
55
[10]
p493
2
* [[2]]
55
[10] 20
p494
3
* [[2] 3]
55
[10] 20 *
p495
4
* [[2] 3 4]
55
[10] 20 * *
p83
2
* *
55
[10] [20]
p482
1
* *
55
[10]
p483
2
* *
55
[10] 20
p484
3
* *
55
[10] 20 *
p485
4
* *
55
[10] 20 * *
p134
3
1 [2] 3
55
1 [2] 3
p139
3
1 [2] 3
55
1 [2] 3
p533
2
1 [2] []
55
1 [2]
p534
3
1 [2] [3]
55
1 [2] 3
p535
4
1 [2] [3 4]
55
1 [2] 3 4
p538
2
1 [2] []
55
1 [2]
p539
3
1 [2] [3]
55
1 [2] 3
p540
4
1 [2] [3 4]
55
1 [2] 3 4
p154
3
1 [2] 3
55
1 [2] [30]
p553
2
1 [2] []
55
1 [2]
p554
3
1 [2] [3]
55
1 [2] 30
p555
4
1 [2] [3 4]
55
1 [2] 30 *
p144
3
1 [2] *
55
1 [2] [30]
p543
2
1 [2] *
55
1 [2]
p544
3
1 [2] *
55
1 [2] 30
p545
4
1 [2] *
55
1 [2] 30 *
p194
3
1 [2] 3
55
1 [20] 3
p593
2
1 [2] []
55
1 [20]
p594
3
1 [2] [3]
55
1 [20] 3
p595
4
1 [2] [3 4]
55
1 [20] 3 4
p214
3
1 [2] 3
55
1 [20] [30]
p613
2
1 [2] []
55
1 [20]
p614
3
1 [2] [3]
55
1 [20] 30
p615
4
1 [2] [3 4]
55
1 [20] 30 *
p204
3
1 [2] *
55
1 [20] [30]
p603
2
1 [2] *
55
1 [20]
p604
3
1 [2] *
55
1 [20] 30
p605
4
1 [2] *
55
1 [20] 30 *
p164
3
1 * 3
55
1 [20] 3
p563
2
1 * []
55
1 [20]
p564
3
1 * [3]
55
1 [20] 3
p565
4
1 * [3 4]
55
1 [20] 3 4
p184
3
1 * 3
55
1 [20] [30]
p583
2
1 * []
55
1 [20]
p584
3
1 * [3]
55
1 [20] 30
p585
4
1 * [3 4]
55
1 [20] 30 *
p174
3
1 * *
55
1 [20] [30]
p573
2
1 * *
55
1 [20]
p574
3
1 * *
55
1 [20] 30
p575
4
1 * *
55
1 [20] 30 *
p314
3
1 [2] 3
55
[10] [2] 3
p713
2
1 [2] []
55
[10] [2]
p714
3
1 [2] [3]
55
[10] [2] 3
p715
4
1 [2] [3 4]
55
[10] [2] 3 4
p334
3
1 [2] 3
55
[10] [2] [30]
p733
2
1 [2] []
55
[10] [2]
p734
3
1 [2] [3]
55
[10] [2] 30
p735
4
1 [2] [3 4]
55
[10] [2] 30 *
p324
3
1 [2] *
55
[10] [2] [30]
p723
2
1 [2] *
55
[10] [2]
p724
3
1 [2] *
55
[10] [2] 30
p725
4
1 [2] *
55
[10] [2] 30 *
p374
3
1 [2] 3
55
[10] [20] 3
p773
2
1 [2] []
55
[10] [20]
p774
3
1 [2] [3]
55
[10] [20] 3
p775
4
1 [2] [3 4]
55
[10] [20] 3 4
p394
3
1 [2] 3
55
[10] [20] [30]
p793
2
1 [2] []
55
[10] [20]
p794
3
1 [2] [3]
55
[10] [20] 30
p795
4
1 [2] [3 4]
55
[10] [20] 30 *
p384
3
1 [2] *
55
[10] [20] [30]
p783
2
1 [2] *
55
[10] [20]
p784
3
1 [2] *
55
[10] [20] 30
p785
4
1 [2] *
55
[10] [20] 30 *
p344
3
1 * 3
55
[10] [20] 3
p743
2
1 * []
55
[10] [20]
p744
3
1 * [3]
55
[10] [20] 3
p745
4
1 * [3 4]
55
[10] [20] 3 4
p364
3
1 * 3
55
[10] [20] [30]
p763
2
1 * []
55
[10] [20]
p764
3
1 * [3]
55
[10] [20] 30
p765
4
1 * [3 4]
55
[10] [20] 30 *
p354
3
1 * *
55
[10] [20] [30]
p753
2
1 * *
55
[10] [20]
p754
3
1 * *
55
[10] [20] 30
p755
4
1 * *
55
[10] [20] 30 *
p224
3
* [2] 3
55
[10] [2] 3
p623
2
* [2] []
55
[10] [2]
p624
3
* [2] [3]
55
[10] [2] 3
p625
4
* [2] [3 4]
55
[10] [2] 3 4
p244
3
* [2] 3
55
[10] [2] [30]
p643
2
* [2] []
55
[10] [2]
p644
3
* [2] [3]
55
[10] [2] 30
p645
4
* [2] [3 4]
55
[10] [2] 30 *
p234
3
* [2] *
55
[10] [2] [30]
p633
2
* [2] *
55
[10] [2]
p634
3
* [2] *
55
[10] [2] 30
p635
4
* [2] *
55
[10] [2] 30 *
p284
3
* [2] 3
55
[10] [20] 3
p683
2
* [2] []
55
[10] [20]
p684
3
* [2] [3]
55
[10] [20] 3
p685
4
* [2] [3 4]
55
[10] [20] 3 4
p304
3
* [2] 3
55
[10] [20] [30]
p703
2
* [2] []
55
[10] [20]
p704
3
* [2] [3]
55
[10] [20] 30
p705
4
* [2] [3 4]
55
[10] [20] 30 *
p294
3
* [2] *
55
[10] [20] [30]
p693
2
* [2] *
55
[10] [20]
p694
3
* [2] *
55
[10] [20] 30
p695
4
* [2] *
55
[10] [20] 30 *
p254
3
* * 3
55
[10] [20] 3
p653
2
* * []
55
[10] [20]
p654
3
* * [3]
55
[10] [20] 3
p655
4
* * [3 4]
55
[10] [20] 3 4
p274
3
* * 3
55
[10] [20] [30]
p673
2
* * []
55
[10] [20]
p674
3
* * [3]
55
[10] [20] 30
p675
4
* * [3 4]
55
[10] [20] 30 *
p264
3
* * *
55
[10] [20] [30]
p663
2
* * *
55
[10] [20]
p664
3
* * *
55
[10] [20] 30
p665
4
* * *
55
[10] [20] 30 *
p1601
0

55

p1606
0

55

p1612
1
1
55
1
p1617
1
1
55
1
p2011
0
[]
55

p2012
1
[1]
55
1
p2013
2
[1 [2]]
55
1 [2]
p2014
3
[1 [2] 3]
55
1 [2] 3
p2015
4
[1 [2] 3 4]
55
1 [2] 3 4
p2016
0
[]
55

p2017
1
[1]
55
1
p2018
2
[1 [2]]
55
1 [2]
p2019
3
[1 [2] 3]
55
1 [2] 3
p2020
4
[1 [2] 3 4]
55
1 [2] 3 4
p1632
1
1
55
[10]
p2031
0
[]
55

p2032
1
[1]
55
10
p2033
2
[1 [2]]
55
10 *
p2034
3
[1 [2] 3]
55
10 * *
p2035
4
[1 [2] 3 4]
55
10 * * *
p1622
1
*
55
[10]
p2021
0
*
55

p2022
1
*
55
10
p2023
2
*
55
10 *
p2024
3
*
55
10 * *
p2025
4
*
55
10 * * *
p1643
2
1 [2]
55
1 [2]
p1648
2
1 [2]
55
1 [2]
p2042
1
1 []
55
1
p2043
2
1 [[2]]
55
1 [2]
p2044
3
1 [[2] 3]
55
1 [2] 3
p2045
4
1 [[2] 3 4]
55
1 [2] 3 4
p2047
1
1 []
55
1
p2048
2
1 [[2]]
55
1 [2]
p2049
3
1 [[2] 3]
55
1 [2] 3
p2050
4
1 [[2] 3 4]
55
1 [2] 3 4
p1663
2
1 [2]
55
1 [20]
p2062
1
1 []
55
1
p2063
2
1 [[2]]
55
1 20
p2064
3
1 [[2] 3]
55
1 20 *
p2065
4
1 [[2] 3 4]
55
1 20 * *
p1653
2
1 *
55
1 [20]
p2052
1
1 *
55
1
p2053
2
1 *
55
1 20
p2054
3
1 *
55
1 20 *
p2055
4
1 *
55
1 20 * *
p1703
2
1 [2]
55
[10] [2]
p2102
1
1 []
55
[10]
p2103
2
1 [[2]]
55
[10] [2]
p2104
3
1 [[2] 3]
55
[10] [2] 3
p2105
4
1 [[2] 3 4]
55
[10] [2] 3 4
p1723
2
1 [2]
55
[10] [20]
p2122
1
1 []
55
[10]
p2123
2
1 [[2]]
55
[10] 20
p2124
3
1 [[2] 3]
55
[10] 20 *
p2125
4
1 [[2] 3 4]
55
[10] 20 * *
p1713
2
1 *
55
[10] [20]
p2112
1
1 *
55
[10]
p2113
2
1 *
55
[10] 20
p2114
3
1 *
55
[10] 20 *
p2115
4
1 *
55
[10] 20 * *
p1673
2
* [2]
55
[10] [2]
p2072
1
* []
55
[10]
p2073
2
* [[2]]
55
[10] [2]
p2074
3
* [[2] 3]
55
[10] [2] 3
p2075
4
* [[2] 3 4]
55
[10] [2] 3 4
p1693
2
* [2]
55
[10] [20]
p2092
1
* []
55
[10]
p2093
2
* [[2]]
55
[10] 20
p2094
3
* [[2] 3]
55
[10] 20 *
p2095
4
* [[2] 3 4]
55
[10] 20 * *
p1683
2
* *
55
[10] [20]
p2082
1
* *
55
[10]
p2083
2
* *
55
[10] 20
p2084
3
* *
55
[10] 20 *
p2085
4
* *
55
[10] 20 * *
p1734
3
1 [2] 3
55
1 [2] 3
p1739
3
1 [2] 3
55
1 [2] 3
p2133
2
1 [2] []
55
1 [2]
p2134
3
1 [2] [3]
55
1 [2] 3
p2135
4
1 [2] [3 4]
55
1 [2] 3 4
p2138
2
1 [2] []
55
1 [2]
p2139
3
1 [2] [3]
55
1 [2] 3
p2140
4
1 [2] [3 4]
55
1 [2] 3 4
p1754
3
1 [2] 3
55
1 [2] [30]
p2153
2
1 [2] []
55
1 [2]
p2154
3
1 [2] [3]
55
1 [2] 30
p2155
4
1 [2] [3 4]
55
1 [2] 30 *
p1744
3
1 [2] *
55
1 [2] [30]
p2143
2
1 [2] *
55
1 [2]
p2144
3
1 [2] *
55
1 [2] 30
p2145
4
1 [2] *
55
1 [2] 30 *
p1794
3
1 [2] 3
55
1 [20] 3
p2193
2
1 [2] []
55
1 [20]
p2194
3
1 [2] [3]
55
1 [20] 3
p2195
4
1 [2] [3 4]
55
1 [20] 3 4
p1814
3
1 [2] 3
55
1 [20] [30]
p2213
2
1 [2] []
55
1 [20]
p2214
3
1 [2] [3]
55
1 [20] 30
p2215
4
1 [2] [3 4]
55
1 [20] 30 *
p1804
3
1 [2] *
55
1 [20] [30]
p2203
2
1 [2] *
55
1 [20]
p2204
3
1 [2] *
55
1 [20] 30
p2205
4
1 [2] *
55
1 [20] 30 *
p1764
3
1 * 3
55
1 [20] 3
p2163
2
1 * []
55
1 [20]
p2164
3
1 * [3]
55
1 [20] 3
p2165
4
1 * [3 4]
55
1 [20] 3 4
p1784
3
1 * 3
55
1 [20] [30]
p2183
2
1 * []
55
1 [20]
p2184
3
1 * [3]
55
1 [20] 30
p2185
4
1 * [3 4]
55
1 [20] 30 *
p1774
3
1 * *
55
1 [20] [30]
p2173
2
1 * *
55
1 [20]
p2174
3
1 * *
55
1 [20] 30
p2175
4
1 * *
55
1 [20] 30 *
p1914
3
1 [2] 3
55
[10] [2] 3
p2313
2
1 [2] []
55
[10] [2]
p2314
3
1 [2] [3]
55
[10] [2] 3
p2315
4
1 [2] [3 4]
55
[10] [2] 3 4
p1934
3
1 [2] 3
55
[10] [2] [30]
p2333
2
1 [2] []
55
[10] [2]
p2334
3
1 [2] [3]
55
[10] [2] 30
p2335
4
1 [2] [3 4]
55
[10] [2] 30 *
p1924
3
1 [2] *
55
[10] [2] [30]
p2323
2
1 [2] *
55
[10] [2]
p2324
3
1 [2] *
55
[10] [2] 30
p2325
4
1 [2] *
55
[10] [2] 30 *
p1974
3
1 [2] 3
55
[10] [20] 3
p2373
2
1 [2] []
55
[10] [20]
p2374
3
1 [2] [3]
55
[10] [20] 3
p2375
4
1 [2] [3 4]
55
[10] [20] 3 4
p1994
3
1 [2] 3
55
[10] [20] [30]
p2393
2
1 [2] []
55
[10] [20]
p2394
3
1 [2] [3]
55
[10] [20] 30
p2395
4
1 [2] [3 4]
55
[10] [20] 30 *
p1984
3
1 [2] *
55
[10] [20] [30]
p2383
2
1 [2] *
55
[10] [20]
p2384
3
1 [2] *
55
[10] [20] 30
p2385
4
1 [2] *
55
[10] [20] 30 *
p1944
3
1 * 3
55
[10] [20] 3
p2343
2
1 * []
55
[10] [20]
p2344
3
1 * [3]
55
[10] [20] 3
p2345
4
1 * [3 4]
55
[10] [20] 3 4
p1964
3
1 * 3
55
[10] [20] [30]
p2363
2
1 * []
55
[10] [20]
p2364
3
1 * [3]
55
[10] [20] 30
p2365
4
1 * [3 4]
55
[10] [20] 30 *
p1954
3
1 * *
55
[10] [20] [30]
p2353
2
1 * *
55
[10] [20]
p2354
3
1 * *
55
[10] [20] 30
p2355
4
1 * *
55
[10] [20] 30 *
p1824
3
* [2] 3
55
[10] [2] 3
p2223
2
* [2] []
55
[10] [2]
p2224
3
* [2] [3]
55
[10] [2] 3
p2225
4
* [2] [3 4]
55
[10] [2] 3 4
p1844
3
* [2] 3
55
[10] [2] [30]
p2243
2
* [2] []
55
[10] [2]
p2244
3
* [2] [3]
55
[10] [2] 30
p2245
4
* [2] [3 4]
55
[10] [2] 30 *
p1834
3
* [2] *
55
[10] [2] [30]
p2233
2
* [2] *
55
[10] [2]
p2234
3
* [2] *
55
[10] [2] 30
p2235
4
* [2] *
55
[10] [2] 30 *
p1884
3
* [2] 3
55
[10] [20] 3
p2283
2
* [2] []
55
[10] [20]
p2284
3
* [2] [3]
55
[10] [20] 3
p2285
4
* [2] [3 4]
55
[10] [20] 3 4
p1904
3
* [2] 3
55
[10] [20] [30]
p2303
2
* [2] []
55
[10] [20]
p2304
3
* [2] [3]
55
[10] [20] 30
p2305
4
* [2] [3 4]
55
[10] [20] 30 *
p1894
3
* [2] *
55
[10] [20] [30]
p2293
2
* [2] *
55
[10] [20]
p2294
3
* [2] *
55
[10] [20] 30
p2295
4
* [2] *
55
[10] [20] 30 *
p1854
3
* * 3
55
[10] [20] 3
p2253
2
* * []
55
[10] [20]
p2254
3
* * [3]
55
[10] [20] 3
p2255
4
* * [3 4]
55
[10] [20] 3 4
p1874
3
* * 3
55
[10] [20] [30]
p2273
2
* * []
55
[10] [20]
p2274
3
* * [3]
55
[10] [20] 30
p2275
4
* * [3 4]
55
[10] [20] 30 *
p1864
3
* * *
55
[10] [20] [30]
p2263
2
* * *
55
[10] [20]
p2264
3
* * *
55
[10] [20] 30
p2265
4
* * *
55
[10] [20] 30 *
p3201
0

55

p3206
0

55

p3212
1
1
55
1
p3217
1
1
55
1
p3611
0
[]
55

p3612
1
[1]
55
1
p3613
2
[1 [2]]
55
1 [2]
p4413
2
[1 2]
55
1 [2]
p3614
3
[1 [2] 3]
55
1 [2] 3
p3615
4
[1 [2] 3 4]
55
1 [2] 3 4
p3616
0
[]
55

p3617
1
[1]
55
1
p3618
2
[1 [2]]
55
1 [2]
p4418
2
[1 2]
55
1 [2]
p3619
3
[1 [2] 3]
55
1 [2] 3
p3620
4
[1 [2] 3 4]
55
1 [2] 3 4
p3232
1
1
55
[10]
p3631
0
[]
55

p3632
1
[1]
55
10
p3633
2
[1 [2]]
55
10 *
p4433
2
[1 2]
55
10 []
p3634
3
[1 [2] 3]
55
10 * *
p3635
4
[1 [2] 3 4]
55
10 * * *
p3222
1
*
55
[10]
p3621
0
*
55

p3622
1
*
55
10
p4422
1
*
55
[10]
p3623
2
*
55
10 *
p4423
2
*
55
10 []
p3624
3
*
55
10 * *
p4424
3
*
55
10 * []
p3625
4
*
55
10 * * *
p4425
4
*
55
10 * * []
p3243
2
1 [2]
55
1 [2]
p3248
2
1 [2]
55
1 [2]
p3642
1
1 []
55
1
p3643
2
1 [[2]]
55
1 [2]
p4443
2
1 [2]
55
1 [2]
p3644
3
1 [[2] 3]
55
1 [2] 3
p3645
4
1 [[2] 3 4]
55
1 [2] 3 4
p3647
1
1 []
55
1
p3648
2
1 [[2]]
55
1 [2]
p4448
2
1 [2]
55
1 [2]
p3649
3
1 [[2] 3]
55
1 [2] 3
p3650
4
1 [[2] 3 4]
55
1 [2] 3 4
p3263
2
1 [2]
55
1 [20]
p3662
1
1 []
55
1
p3663
2
1 [[2]]
55
1 20
p4463
2
1 [2]
55
1 [20]
p3664
3
1 [[2] 3]
55
1 20 *
p3665
4
1 [[2] 3 4]
55
1 20 * *
p3253
2
1 *
55
1 [20]
p3652
1
1 *
55
1
p3653
2
1 *
55
1 20
p4453
2
1 *
55
1 [20]
p3654
3
1 *
55
1 20 *
p4454
3
1 *
55
1 20 []
p3655
4
1 *
55
1 20 * *
p4455
4
1 *
55
1 20 * []
p3303
2
1 [2]
55
[10] [2]
p3702
1
1 []
55
[10]
p3703
2
1 [[2]]
55
[10] [2]
p4503
2
1 [2]
55
[10] [2]
p3704
3
1 [[2] 3]
55
[10] [2] 3
p3705
4
1 [[2] 3 4]
55
[10] [2] 3 4
p3323
2
1 [2]
55
[10] [20]
p3722
1
1 []
55
[10]
p3723
2
1 [[2]]
55
[10] 20
p4523
2
1 [2]
55
[10] [20]
p3724
3
1 [[2] 3]
55
[10] 20 *
p3725
4
1 [[2] 3 4]
55
[10] 20 * *
p3313
2
1 *
55
[10] [20]
p3712
1
1 *
55
[10]
p3713
2
1 *
55
[10] 20
p4513
2
1 *
55
[10] [20]
p3714
3
1 *
55
[10] 20 *
p4514
3
1 *
55
[10] 20 []
p3715
4
1 *
55
[10] 20 * *
p4515
4
1 *
55
[10] 20 * []
p3273
2
* [2]
55
[10] [2]
p3672
1
* []
55
[10]
p3673
2
* [[2]]
55
[10] [2]
p4473
2
* [2]
55
[10] [2]
p3674
3
* [[2] 3]
55
[10] [2] 3
p3675
4
* [[2] 3 4]
55
[10] [2] 3 4
p3293
2
* [2]
55
[10] [20]
p3692
1
* []
55
[10]
p3693
2
* [[2]]
55
[10] 20
p4493
2
* [2]
55
[10] [20]
p3694
3
* [[2] 3]
55
[10] 20 *
p3695
4
* [[2] 3 4]
55
[10] 20 * *
p3283
2
* *
55
[10] [20]
p3682
1
* *
55
[10]
p3683
2
* *
55
[10] 20
p4483
2
* *
55
[10] [20]
p3684
3
* *
55
[10] 20 *
p4484
3
* *
55
[10] 20 []
p3685
4
* *
55
[10] 20 * *
p4485
4
* *
55
[10] 20 * []
p3334
3
1 [2] 3
55
1 [2] 3
p3339
3
1 [2] 3
55
1 [2] 3
p3733
2
1 [2] []
55
1 [2]
p3734
3
1 [2] [3]
55
1 [2] 3
p3735
4
1 [2] [3 4]
55
1 [2] 3 4
p3738
2
1 [2] []
55
1 [2]
p3739
3
1 [2] [3]
55
1 [2] 3
p3740
4
1 [2] [3 4]
55
1 [2] 3 4
p3354
3
1 [2] 3
55
1 [2] [30]
p3753
2
1 [2] []
55
1 [2]
p3754
3
1 [2] [3]
55
1 [2] 30
p3755
4
1 [2] [3 4]
55
1 [2] 30 *
p3344
3
1 [2] *
55
1 [2] [30]
p3743
2
1 [2] *
55
1 [2]
p3744
3
1 [2] *
55
1 [2] 30
p4544
3
1 [2] *
55
1 [2] [30]
p3745
4
1 [2] *
55
1 [2] 30 *
p4545
4
1 [2] *
55
1 [2] 30 []
p3394
3
1 [2] 3
55
1 [20] 3
p3793
2
1 [2] []
55
1 [20]
p3794
3
1 [2] [3]
55
1 [20] 3
p3795
4
1 [2] [3 4]
55
1 [20] 3 4
p3414
3
1 [2] 3
55
1 [20] [30]
p3813
2
1 [2] []
55
1 [20]
p3814
3
1 [2] [3]
55
1 [20] 30
p3815
4
1 [2] [3 4]
55
1 [20] 30 *
p3404
3
1 [2] *
55
1 [20] [30]
p3803
2
1 [2] *
55
1 [20]
p3804
3
1 [2] *
55
1 [20] 30
p4604
3
1 [2] *
55
1 [20] [30]
p3805
4
1 [2] *
55
1 [20] 30 *
p4605
4
1 [2] *
55
1 [20] 30 []
p3364
3
1 * 3
55
1 [20] 3
p3763
2
1 * []
55
1 [20]
p3764
3
1 * [3]
55
1 [20] 3
p3765
4
1 * [3 4]
55
1 [20] 3 4
p3384
3
1 * 3
55
1 [20] [30]
p3783
2
1 * []
55
1 [20]
p3784
3
1 * [3]
55
1 [20] 30
p3785
4
1 * [3 4]
55
1 [20] 30 *
p3374
3
1 * *
55
1 [20] [30]
p3773
2
1 * *
55
1 [20]
p3774
3
1 * *
55
1 [20] 30
p4574
3
1 * *
55
1 [20] [30]
p3775
4
1 * *
55
1 [20] 30 *
p4575
4
1 * *
55
1 [20] 30 []
p3514
3
1 [2] 3
55
[10] [2] 3
p3913
2
1 [2] []
55
[10] [2]
p3914
3
1 [2] [3]
55
[10] [2] 3
p3915
4
1 [2] [3 4]
55
[10] [2] 3 4
p3534
3
1 [2] 3
55
[10] [2] [30]
p3933
2
1 [2] []
55
[10] [2]
p3934
3
1 [2] [3]
55
[10] [2] 30
p3935
4
1 [2] [3 4]
55
[10] [2] 30 *
p3524
3
1 [2] *
55
[10] [2] [30]
p3923
2
1 [2] *
55
[10] [2]
p3924
3
1 [2] *
55
[10] [2] 30
p4724
3
1 [2] *
55
[10] [2] [30]
p3925
4
1 [2] *
55
[10] [2] 30 *
p4725
4
1 [2] *
55
[10] [2] 30 []
p3574
3
1 [2] 3
55
[10] [20] 3
p3973
2
1 [2] []
55
[10] [20]
p3974
3
1 [2] [3]
55
[10] [20] 3
p3975
4
1 [2] [3 4]
55
[10] [20] 3 4
p3594
3
1 [2] 3
55
[10] [20] [30]
p3993
2
1 [2] []
55
[10] [20]
p3994
3
1 [2] [3]
55
[10] [20] 30
p3995
4
1 [2] [3 4]
55
[10] [20] 30 *
p3584
3
1 [2] *
55
[10] [20] [30]
p3983
2
1 [2] *
55
[10] [20]
p3984
3
1 [2] *
55
[10] [20] 30
p4784
3
1 [2] *
55
[10] [20] [30]
p3985
4
1 [2] *
55
[10] [20] 30 *
p4785
4
1 [2] *
55
[10] [20] 30 []
p3544
3
1 * 3
55
[10] [20] 3
p3943
2
1 * []
55
[10] [20]
p3944
3
1 * [3]
55
[10] [20] 3
p3945
4
1 * [3 4]
55
[10] [20] 3 4
p3564
3
1 * 3
55
[10] [20] [30]
p3963
2
1 * []
55
[10] [20]
p3964
3
1 * [3]
55
[10] [20] 30
p3965
4
1 * [3 4]
55
[10] [20] 30 *
p3554
3
1 * *
55
[10] [20] [30]
p3953
2
1 * *
55
[10] [20]
p3954
3
1 * *
55
[10] [20] 30
p4754
3
1 * *
55
[10] [20] [30]
p3955
4
1 * *
55
[10] [20] 30 *
p4755
4
1 * *
55
[10] [20] 30 []
p3424
3
* [2] 3
55
[10] [2] 3
p3823
2
* [2] []
55
[10] [2]
p3824
3
* [2] [3]
55
[10] [2] 3
p3825
4
* [2] [3 4]
55
[10] [2] 3 4
p3444
3
* [2] 3
55
[10] [2] [30]
p3843
2
* [2] []
55
[10] [2]
p3844
3
* [2] [3]
55
[10] [2] 30
p3845
4
* [2] [3 4]
55
[10] [2] 30 *
p3434
3
* [2] *
55
[10] [2] [30]
p3833
2
* [2] *
55
[10] [2]
p3834
3
* [2] *
55
[10] [2] 30
p4634
3
* [2] *
55
[10] [2] [30]
p3835
4
* [2] *
55
[10] [2] 30 *
p4635
4
* [2] *
55
[10] [2] 30 []
p3484
3
* [2] 3
55
[10] [20] 3
p3883
2
* [2] []
55
[10] [20]
p3884
3
* [2] [3]
55
[10] [20] 3
p3885
4
* [2] [3 4]
55
[10] [20] 3 4
p3504
3
* [2] 3
55
[10] [20] [30]
p3903
2
* [2] []
55
[10] [20]
p3904
3
* [2] [3]
55
[10] [20] 30
p3905
4
* [2] [3 4]
55
[10] [20] 30 *
p3494
3
* [2] *
55
[10] [20] [30]
p3893
2
* [2] *
55
[10] [20]
p3894
3
* [2] *
55
[10] [20] 30
p4694
3
* [2] *
55
[10] [20] [30]
p3895
4
* [2] *
55
[10] [20] 30 *
p4695
4
* [2] *
55
[10] [20] 30 []
p3454
3
* * 3
55
[10] [20] 3
p3853
2
* * []
55
[10] [20]
p3854
3
* * [3]
55
[10] [20] 3
p3855
4
* * [3 4]
55
[10] [20] 3 4
p3474
3
* * 3
55
[10] [20] [30]
p3873
2
* * []
55
[10] [20]
p3874
3
* * [3]
55
[10] [20] 30
p3875
4
* * [3 4]
55
[10] [20] 30 *
p3464
3
* * *
55
[10] [20] [30]
p3863
2
* * *
55
[10] [20]
p3864
3
* * *
55
[10] [20] 30
p4664
3
* * *
55
[10] [20] [30]
p3865
4
* * *
55
[10] [20] 30 *
p4665
4
* * *
55
[10] [20] 30 []
