{[0 0] [1 2] [2 5] [3 9] [4 9]}
{[0 0] [1 0] [2 1] [3 2] [4 1]}
