abcdefghijklmnopqrstuvwxyzabcdefghijklmnopqrstuvwxyzabcdefghijklmnopqrstuvwxyz
bcdefghijklmnopqrstuvwxyzabcdefghijklmnopqrstuvwxyzabcdefghijklmnopqrstuvwxyz
cdefghijklmnopqrstuvwxyzabcdefghijklmnopqrstuvwxyzabcdefghijklmnopqrstuvwxyz
defghijklmnopqrstuvwxyzabcdefghijklmnopqrstuvwxyzabcdefghijklmnopqrstuvwxyz
efghijklmnopqrstuvwxyzabcdefghijklmnopqrstuvwxyzabcdefghijklmnopqrstuvwxyz
fghijklmnopqrstuvwxyzabcdefghijklmnopqrstuvwxyzabcdefghijklmnopqrstuvwxyz
ghijklmnopqrstuvwxyzabcdefghijklmnopqrstuvwxyzabcdefghijklmnopqrstuvwxyz
hijklmnopqrstuvwxyzabcdefghijklmnopqrstuvwxyzabcdefghijklmnopqrstuvwxyz
ijklmnopqrstuvwxyzabcdefghijklmnopqrstuvwxyzabcdefghijklmnopqrstuvwxyz
jklmnopqrstuvwxyzabcdefghijklmnopqrstuvwxyzabcdefghijklmnopqrstuvwxyz
klmnopqrstuvwxyzabcdefghijklmnopqrstuvwxyzabcdefghijklmnopqrstuvwxyz
lmnopqrstuvwxyzabcdefghijklmnopqrstuvwxyzabcdefghijklmnopqrstuvwxyz
mnopqrstuvwxyzabcdefghijklmnopqrstuvwxyzabcdefghijklmnopqrstuvwxyz
nopqrstuvwxyzabcdefghijklmnopqrstuvwxyzabcdefghijklmnopqrstuvwxyz
opqrstuvwxyzabcdefghijklmnopqrstuvwxyzabcdefghijklmnopqrstuvwxyz
pqrstuvwxyzabcdefghijklmnopqrstuvwxyzabcdefghijklmnopqrstuvwxyz
qrstuvwxyzabcdefghijklmnopqrstuvwxyzabcdefghijklmnopqrstuvwxyz
rstuvwxyzabcdefghijklmnopqrstuvwxyzabcdefghijklmnopqrstuvwxyz
stuvwxyzabcdefghijklmnopqrstuvwxyzabcdefghijklmnopqrstuvwxyz
tuvwxyzabcdefghijklmnopqrstuvwxyzabcdefghijklmnopqrstuvwxyz
uvwxyzabcdefghijklmnopqrstuvwxyzabcdefghijklmnopqrstuvwxyz
vwxyzabcdefghijklmnopqrstuvwxyzabcdefghijklmnopqrstuvwxyz
wxyzabcdefghijklmnopqrstuvwxyzabcdefghijklmnopqrstuvwxyz
xyzabcdefghijklmnopqrstuvwxyzabcdefghijklmnopqrstuvwxyz
yzabcdefghijklmnopqrstuvwxyzabcdefghijklmnopqrstuvwxyz
zabcdefghijklmnopqrstuvwxyzabcdefghijklmnopqrstuvwxyz
abcdefghijklmnopqrstuvwxyzabcdefghijklmnopqrstuvwxyz
bcdefghijklmnopqrstuvwxyzabcdefghijklmnopqrstuvwxyz
cdefghijklmnopqrstuvwxyzabcdefghijklmnopqrstuvwxyz
defghijklmnopqrstuvwxyzabcdefghijklmnopqrstuvwxyz
efghijklmnopqrstuvwxyzabcdefghijklmnopqrstuvwxyz
fghijklmnopqrstuvwxyzabcdefghijklmnopqrstuvwxyz
ghijklmnopqrstuvwxyzabcdefghijklmnopqrstuvwxyz
hijklmnopqrstuvwxyzabcdefghijklmnopqrstuvwxyz
ijklmnopqrstuvwxyzabcdefghijklmnopqrstuvwxyz
jklmnopqrstuvwxyzabcdefghijklmnopqrstuvwxyz
klmnopqrstuvwxyzabcdefghijklmnopqrstuvwxyz
lmnopqrstuvwxyzabcdefghijklmnopqrstuvwxyz
mnopqrstuvwxyzabcdefghijklmnopqrstuvwxyz
nopqrstuvwxyzabcdefghijklmnopqrstuvwxyz
opqrstuvwxyzabcdefghijklmnopqrstuvwxyz
pqrstuvwxyzabcdefghijklmnopqrstuvwxyz
qrstuvwxyzabcdefghijklmnopqrstuvwxyz
rstuvwxyzabcdefghijklmnopqrstuvwxyz
stuvwxyzabcdefghijklmnopqrstuvwxyz
tuvwxyzabcdefghijklmnopqrstuvwxyz
uvwxyzabcdefghijklmnopqrstuvwxyz
vwxyzabcdefghijklmnopqrstuvwxyz
wxyzabcdefghijklmnopqrstuvwxyz
xyzabcdefghijklmnopqrstuvwxyz
yzabcdefghijklmnopqrstuvwxyz
zabcdefghijklmnopqrstuvwxyz
abcdefghijklmnopqrstuvwxyz
abcdefghijklmnopqrstuvwxyz
