{{} {1} {2} {3} {1 2} {1 3} {2 3} {1 2 3}}
#T
{1 2 3 4 5 6}
#T
