0.459699609544506
0.45969769413186
1.91541264560335e-06
