Compound, 2nd dependent on 1st, try mods of iter vars:
{[1 [2 3]] [4 [5 6]]}
2 1 1 [2 3] {[1 [2 3]] [4 [5 6]]}
3 2 1 95 69
5 1 4 [5 6] 69
6 2 4 95 69
69
Compound, independent parts:
1 3
1 4
2 3
2 4
Slice name as left target:
1 uvwxa
2 uvwb
3 uvc
uvc
Bad intercourse between left lhs and rhs:
1 acd
2 bd
3 c
c
Function call in iteration "constant":
zorp
11 11 12
11 12 12
Some really weird stuff:
[5 1 2 3] [[1 2] 3] 3
[1 2 3] [[1 2] 3] 7
[[1 2] 7]
[1 2 3] 3
Alias testing
5 [1 2 3 4 5]
10 [1 2 3 4 5 1 2 3 4 5]
10 [1 2 3 4 5 [1 2 3 4 5 1 2 3 4 5] 2 3 4 5]
18 [1 2 3 4 5 [1 2 3 4 5 1 2 3 4 5] 2 1 2 3 4 5 [1 2 3 4 5 1 2 3 4 5] 2 3 4 5 5]
5 [1 2 3 4 5]
All done.
