[5 7 9]
[[0.804737854124365 -0.310617217526046 0.50587936340168] [0.50587936340168 0.804737854124365 -0.310617217526046] [-0.310617217526046 0.50587936340168 0.804737854124365]] [1.70114150927732 1.18350341907227 3.11535507165041]
[[[6.12303176911189e-17 -1 0] [1 6.12303176911189e-17 0] [0 0 1]] [-5.55111512312578e-17 0 0]]
