{7 {2 11 5709} {2 11 113} {2 5709 113} {11 5709 113}}
{7 {2 11 5709} {2 11 113} {2 5709 113} {11 5709 113}}
{{2 7 11} {2 7 5709} {2 7 113} {2 11 5709} {2 11 113} {2 5709 113} {7 11 5709} {7 11 113} {7 5709 113} {11 5709 113}}
