*
*
{' ' '1' A M P S}
{''' ''' '''1''' '''2''' '''A''' '''M''' '''P''' '''S''' '''a''' '''m''' '''p''' '''s'''}
{' ' '1' A M P S} {''' ''' '''1''' '''2''' '''A''' '''M''' '''P''' '''S''' '''a''' '''m''' '''p''' '''s'''}
{' ' '1' A M P S} {' ' '2' a m p s}
spam spam maps spam maps
5 5 1 2
