	      END PROGRAM reverse_lines;

END FOR;
   PRINT(t(i));
(FOR i IN [#t,#t-1..1])

END LOOP;
  t +:= [s];
  IF EOF THEN QUIT LOOP; END;
  GETA('',s);
LOOP DO
t := [];

$ First practical application of the C-coded SETL compiler!

		PROGRAM reverse_lines;
