'\000\001\002\003\004\005\006\a\b\t\n\v\f\r\016\017\020\021\022\023\024\025\026\027\030\031\032\033\034\035\036\037 !"#$%&''()*+,-./0123456789:;<=>?@ABCDEFGHIJKLMNOPQRSTUVWXYZ[\\]^_`abcdefghijklmnopqrstuvwxyz{|}~\177'
 
!
"
#
@ABCDEFGHIJKLMNOPQRSTUVWXYZ
'\000\001\002\003\004\005\006\a\b\t\n\v\f\r\016\017\020\021\022\023\024\025\026\027\030\031\032\033\034\035\036\037 !"#$%&''()*+,-./0123456789:;<=>?@ABCDEFGHIJKLMNOPQRSTUVWXYZ[\\]^_`ABCDEFGHIJKLMNOPQRSTUVWXYZ{|}~\177'
abc
4
9
jkl
12
uvw
'abcdxyzhijkluvwp\n'
 
!
"
#
36
@ABCDEFGHIJKLMNOPQRSTUVWXYZ
91
'\000\001\002\003\004\005\006\a\b\t\n\v\f\r\016\017\020\021\022\023\024\025\026\027\030\031\032\033\034\035\036\037 !"#$%&''()*+,-./0123456789:;<=>?@ABCDEFGHIJKLMNOPQRSTUVWXYZ[\\]^_`ABCDEFGHIJKLMNOPQRSTUVWXYZ{|}~\177'
91
'\000\001\002\003\004\005\006\a\b\t\n\v\f\r\016\017\020\021\022\023\024\025\026\027\030\031\032\033\034\035\036\037 !"#$%&''()*+,-./0123456789:;<=>?@abcdefghijklmnopqrstuvwxyz[\\]^_`ABCDEFGHIJKLMNOPQRSTUVWXYZ{|}~\177'
9
'\000\000\000\000\000yoho'
7
'\000\000\000\000\000soho'
9
11
'\000\000\000\000\000sohoho'
11
0
13
13
'\000\000\000\000\000sohohoha'
13
13
15
'\000\000\000\000\000sohohohahe'
15
'\000\000\000\000\000sohoho'
11
'\000\000\000\000\000sohoda\000\000cha'
16
seek.setl done.
