eat pudding
rock me gently
rock this 666
69.95
drink
