x"How exxtraordinary," he exxclaimed.  "Was it really Exxxxon?"x
